---
source: cynic-codegen/src/fragment_derive/arguments/tests.rs
expression: "analyse(&schema, literals, field, Some(&format_ident!(\"MyArguments\").into()),\n        Span::call_site()).map(|o| o.arguments)"
---
Ok(
    [
        Field {
            schema_field: InputValue {
                name: FieldName {
                    graphql_name: "anInt",
                },
                value_type: NullableType(
                    NamedInputType(
                        "Int",
                    ),
                ),
                has_default: false,
            },
            value: Some(
                Literal(
                    Lit::Int {
                        token: 1,
                    },
                ),
            ),
        },
    ],
)
