warning: unused import: `types::*`
 --> $DIR/input-fragment-no-graphql-type.rs:7:28
  |
7 |     use super::{query_dsl, types::*};
  |                            ^^^^^^^^
  |
  = note: `#[warn(unused_imports)]` on by default

warning: unused import: `super::types::*`
  --> $DIR/input-fragment-no-graphql-type.rs:61:9
   |
61 |     use super::types::*;
   |         ^^^^^^^^^^^^^^^

warning: 2 warnings emitted