error: Field episode does not exist on the GraphQL type Film. Did you mean created?
  --> $DIR/rename-failures.rs:10:13
   |
10 |     #[cynic(rename = "episode")]
   |             ^^^^^^

error: You can only alias a renamed field.  Try removing `alias` or adding a rename
  --> $DIR/rename-failures.rs:17:13
   |
17 |     #[cynic(alias)]
   |             ^^^^^
