---
source: cynic-parser/tests/executables.rs
expression: output
---
{
  a(s: "    a\n    b\n\n    c")
}
