---
source: cynic-parser/tests/executables.rs
expression: "double_roundtrip_test(\"tests/executables/string_escaping.graphql\")"
---
{
  node(id: "hello \"you\"\n\t\tdo you like my escapesâ˜ ")
}

