---
source: cynic-parser/tests/executables.rs
expression: output
---
query Foo($arg: SomeType) {
  field
}

