---
source: cynic-parser/tests/executables.rs
expression: output
---
mutation @directive {
  node
}

