---
source: cynic-parser/tests/executables.rs
expression: output
---
query Foo($site: String = "string") {
  field
}

