---
source: cynic-parser/tests/executables.rs
expression: output
---
{
  node(id: 1, obj: {key1: 123, key2: 456})
}
