---
source: cynic-parser/tests/executables.rs
expression: output
---
{
  node {
    id
    ... something
  }
}
