---
source: cynic-parser/tests/executables.rs
expression: output
---
{
  an_alias: node
}
