---
source: cynic-codegen/src/fragment_derive/tests.rs
expression: "format_code(format!(\"{}\", tokens))"
---
#[automatically_derived]
impl<'de> ::cynic::QueryFragment<'de> for Film {
    type SchemaType = schema::Film;
    type Variables = ();
    const TYPE: Option<&'static str> = Some("Film");
    fn query(
        mut builder: ::cynic::queries::SelectionBuilder<'_, Self::SchemaType, Self::Variables>,
    ) {
        #![allow(unused_mut)]
        <FilmDetails as ::cynic::QueryFragment<'_>>::query(builder)
    }
}
#[automatically_derived]
impl<'de> ::cynic::serde::Deserialize<'de> for Film {
    fn deserialize<D>(deserializer: D) -> Result<Self, D::Error>
    where
        D: ::cynic::serde::Deserializer<'de>,
    {
        let spreadable = ::cynic::__private::Spreadable::<D::Error>::deserialize(deserializer)?;
        Ok(Film {
            details: <FilmDetails as ::cynic::serde::Deserialize<'de>>::deserialize(
                spreadable.spread_deserializer(),
            )?,
        })
    }
}

