---
source: cynic/tests/maybe_undefined.rs
expression: "serde_json::to_string(&TestQuery::build(TestArgs {\n                        a_str: Some(\"1\").into(),\n                    }).variables).unwrap()"
---
{"aStr":"1"}
