---
source: cynic/tests/mutation_generics.rs
expression: operation.query
---
mutation SignIn($input: SignInInput!) {
  signIn(input: $input)
}


