---
source: cynic/tests/recursive-queries.rs
expression: query.query
---
query Query {
  allAuthors {
    me {
      me
    }
  }
}

