---
source: cynic/tests/simple_schema_tests.rs
expression: operation.query
---
query TestQuery($anInt: Int!) {
  testStruct {
    fieldOne(x: $anInt, y: "1")
    nested {
      aString
      optString
    }
    optNested {
      aString
      optString
    }
    dessert
  }
}


